
Computing Covariance: 100%|█████████████████████████████████████████████████████████████████████████████████████████████████████████████████████| 128/128 [04:06<00:00,  1.93s/it]
Collecting eigens: 100%|██████████████████████████████████████████████████████████████████████████████████████████████████████████████████████████| 88/88 [00:45<00:00,  1.95it/s]
Converting train dataset to ChatML: 100%|███████████████████████████████████████████████████████████████████████████████████████████| 1000/1000 [00:00<00:00, 11878.72 examples/s]
Adding EOS to train dataset: 100%|██████████████████████████████████████████████████████████████████████████████████████████████████| 1000/1000 [00:00<00:00, 14100.21 examples/s]
Tokenizing train dataset: 100%|██████████████████████████████████████████████████████████████████████████████████████████████████████| 1000/1000 [00:00<00:00, 1433.14 examples/s]
Packing train dataset: 100%|████████████████████████████████████████████████████████████████████████████████████████████████████████| 1000/1000 [00:00<00:00, 64258.86 examples/s]
{'loss': 3.1607, 'grad_norm': 23.44953155517578, 'learning_rate': 0.000198989898989899, 'num_tokens': 2048.0, 'mean_token_accuracy': 0.46309055387973785, 'epoch': 0.01}          
{'loss': 2.6155, 'grad_norm': 12.165873527526855, 'learning_rate': 0.000197979797979798, 'num_tokens': 4096.0, 'mean_token_accuracy': 0.5039370059967041, 'epoch': 0.03}          
{'loss': 2.3398, 'grad_norm': 7.924673557281494, 'learning_rate': 0.00019696969696969698, 'num_tokens': 6144.0, 'mean_token_accuracy': 0.5536417365074158, 'epoch': 0.04}         
{'loss': 1.8597, 'grad_norm': 10.234794616699219, 'learning_rate': 0.00019595959595959596, 'num_tokens': 8192.0, 'mean_token_accuracy': 0.6171259880065918, 'epoch': 0.06}        
{'loss': 1.852, 'grad_norm': 25.133827209472656, 'learning_rate': 0.00019494949494949494, 'num_tokens': 10240.0, 'mean_token_accuracy': 0.6279527544975281, 'epoch': 0.07}        
{'loss': 1.7055, 'grad_norm': 7.130619525909424, 'learning_rate': 0.00019393939393939395, 'num_tokens': 12288.0, 'mean_token_accuracy': 0.6515747904777527, 'epoch': 0.09}        
{'loss': 1.5857, 'grad_norm': 11.49267864227295, 'learning_rate': 0.00019292929292929293, 'num_tokens': 14336.0, 'mean_token_accuracy': 0.7042322903871536, 'epoch': 0.1}         
{'loss': 1.5173, 'grad_norm': 9.732902526855469, 'learning_rate': 0.00019191919191919191, 'num_tokens': 16384.0, 'mean_token_accuracy': 0.710629940032959, 'epoch': 0.12}         
{'loss': 1.4538, 'grad_norm': 18.313756942749023, 'learning_rate': 0.00019090909090909092, 'num_tokens': 18432.0, 'mean_token_accuracy': 0.7229330837726593, 'epoch': 0.13}       
{'loss': 1.5329, 'grad_norm': 12.369270324707031, 'learning_rate': 0.0001898989898989899, 'num_tokens': 20480.0, 'mean_token_accuracy': 0.7042323052883148, 'epoch': 0.15}        
{'loss': 1.3889, 'grad_norm': 7.294853210449219, 'learning_rate': 0.00018888888888888888, 'num_tokens': 22528.0, 'mean_token_accuracy': 0.7327755987644196, 'epoch': 0.16}        
{'loss': 1.299, 'grad_norm': 7.842529773712158, 'learning_rate': 0.0001878787878787879, 'num_tokens': 24576.0, 'mean_token_accuracy': 0.7401574850082397, 'epoch': 0.18}          
{'loss': 1.2573, 'grad_norm': 7.8448920249938965, 'learning_rate': 0.00018686868686868687, 'num_tokens': 26624.0, 'mean_token_accuracy': 0.7637795209884644, 'epoch': 0.19}       
{'loss': 1.2823, 'grad_norm': 10.826282501220703, 'learning_rate': 0.00018585858585858586, 'num_tokens': 28672.0, 'mean_token_accuracy': 0.7563976347446442, 'epoch': 0.21}       
{'loss': 1.0835, 'grad_norm': 11.287095069885254, 'learning_rate': 0.00018484848484848484, 'num_tokens': 30720.0, 'mean_token_accuracy': 0.786909431219101, 'epoch': 0.22}        
{'loss': 1.1113, 'grad_norm': 6.452857971191406, 'learning_rate': 0.00018383838383838384, 'num_tokens': 32768.0, 'mean_token_accuracy': 0.7849409282207489, 'epoch': 0.24}        
{'loss': 1.1806, 'grad_norm': 13.64976978302002, 'learning_rate': 0.00018282828282828283, 'num_tokens': 34816.0, 'mean_token_accuracy': 0.7716535329818726, 'epoch': 0.25}        
{'loss': 1.1158, 'grad_norm': 6.66132926940918, 'learning_rate': 0.00018181818181818183, 'num_tokens': 36743.0, 'mean_token_accuracy': 0.7716459035873413, 'epoch': 0.27}         
  9%|████████████▌                                                                                                                             | 18/198 [12:33<2:05:33, 41.85s/
  
  

## old logs with tokenized data set. 

Computing Covariance: 100%|█████████████████████████████████████████████████████████████████████████████████████████████████████████████████████| 128/128 [01:50<00:00,  1.16it/s]
Collecting eigens: 0it [00:00, ?it/s].'NOTE THAT EIGEN VALUES ARE NOT COLLECTED' : FAULTY TRAINING 0.000000000000000000000000000000000000000000000000000
Converting train dataset to ChatML: 100%|███████████████████████████████████████████████████████████████████████████████████████████| 1000/1000 [00:00<00:00, 11517.18 examples/s]
Applying chat template to train dataset: 100%|██████████████████████████████████████████████████████████████████████████████████████| 1000/1000 [00:00<00:00, 13340.79 examples/s]
Tokenizing train dataset: 100%|██████████████████████████████████████████████████████████████████████████████████████████████████████| 1000/1000 [00:00<00:00, 2096.41 examples/s]
Packing train dataset: 100%|████████████████████████████████████████████████████████████████████████████████████████████████████████| 1000/1000 [00:00<00:00, 80243.05 examples/s]
{'loss': 3.4589, 'grad_norm': 52.44210433959961, 'learning_rate': 0.00019894179894179893, 'num_tokens': 2048.0, 'mean_token_accuracy': 0.4503258392214775, 'epoch': 0.02}         
{'loss': 3.1752, 'grad_norm': 35.19659423828125, 'learning_rate': 0.0001978835978835979, 'num_tokens': 4096.0, 'mean_token_accuracy': 0.42720942199230194, 'epoch': 0.03}         
{'loss': 3.5494, 'grad_norm': 250.38363647460938, 'learning_rate': 0.00019682539682539682, 'num_tokens': 6144.0, 'mean_token_accuracy': 0.4877054691314697, 'epoch': 0.05}        
{'loss': 2.4379, 'grad_norm': 175.4040069580078, 'learning_rate': 0.0001957671957671958, 'num_tokens': 8192.0, 'mean_token_accuracy': 0.6197220832109451, 'epoch': 0.06}          
{'loss': 1.4557, 'grad_norm': 22.237991333007812, 'learning_rate': 0.0001947089947089947, 'num_tokens': 10240.0, 'mean_token_accuracy': 0.7227822691202164, 'epoch': 0.08}        
{'loss': 1.6441, 'grad_norm': 31.994409561157227, 'learning_rate': 0.00019365079365079365, 'num_tokens': 12288.0, 'mean_token_accuracy': 0.7091733664274216, 'epoch': 0.09}       
{'loss': 1.7333, 'grad_norm': 36.51589584350586, 'learning_rate': 0.0001925925925925926, 'num_tokens': 14336.0, 'mean_token_accuracy': 0.7154990881681442, 'epoch': 0.11}         
{'loss': 2.0587, 'grad_norm': 71.283935546875, 'learning_rate': 0.00019153439153439154, 'num_tokens': 16384.0, 'mean_token_accuracy': 0.6796038299798965, 'epoch': 0.13}          
{'loss': 0.8693, 'grad_norm': 7.583846092224121, 'learning_rate': 0.00019047619047619048, 'num_tokens': 18432.0, 'mean_token_accuracy': 0.8324148207902908, 'epoch': 0.14}        
{'loss': 1.934, 'grad_norm': 44.74394607543945, 'learning_rate': 0.00018941798941798943, 'num_tokens': 20480.0, 'mean_token_accuracy': 0.7305597811937332, 'epoch': 0.16}         
{'loss': 1.6812, 'grad_norm': 19.855073928833008, 'learning_rate': 0.00018835978835978837, 'num_tokens': 22528.0, 'mean_token_accuracy': 0.7890606075525284, 'epoch': 0.17}       
{'loss': 2.0203, 'grad_norm': 251.95274353027344, 'learning_rate': 0.00018730158730158731, 'num_tokens': 24576.0, 'mean_token_accuracy': 0.6479988843202591, 'epoch': 0.19}       
{'loss': 0.8189, 'grad_norm': 12.799575805664062, 'learning_rate': 0.00018624338624338623, 'num_tokens': 26624.0, 'mean_token_accuracy': 0.8210651278495789, 'epoch': 0.21}       
{'loss': 1.2428, 'grad_norm': 16.323328018188477, 'learning_rate': 0.0001851851851851852, 'num_tokens': 28672.0, 'mean_token_accuracy': 0.7776363492012024, 'epoch': 0.22}        
{'loss': 13.051, 'grad_norm': 597.2215576171875, 'learning_rate': 0.00018412698412698412, 'num_tokens': 30720.0, 'mean_token_accuracy': 0.21571305766701698, 'epoch': 0.24}       
{'loss': 1.4492, 'grad_norm': 14.378707885742188, 'learning_rate': 0.0001830687830687831, 'num_tokens': 32768.0, 'mean_token_accuracy': 0.7847782075405121, 'epoch': 0.25}        
{'loss': 1.6612, 'grad_norm': 305.4440002441406, 'learning_rate': 0.000182010582010582, 'num_tokens': 34816.0, 'mean_token_accuracy': 0.7051411271095276, 'epoch': 0.27}          
{'loss': 0.8442, 'grad_norm': 50.01412582397461, 'learning_rate': 0.00018095238095238095, 'num_tokens': 36864.0, 'mean_token_accuracy': 0.8286290317773819, 'epoch': 0.28}        
{'loss': 0.5245, 'grad_norm': 25.707767486572266, 'learning_rate': 0.0001798941798941799, 'num_tokens': 38912.0, 'mean_token_accuracy': 0.9098339974880219, 'epoch': 0.3}         
{'loss': 0.3821, 'grad_norm': 2.99007511138916, 'learning_rate': 0.00017883597883597884, 'num_tokens': 40960.0, 'mean_token_accuracy': 0.9294901341199875, 'epoch': 0.32}         
{'loss': 1.3235, 'grad_norm': 20.021146774291992, 'learning_rate': 0.00017777777777777779, 'num_tokens': 43008.0, 'mean_token_accuracy': 0.7902187258005142, 'epoch': 0.33}       
{'loss': 0.5634, 'grad_norm': 6.848512172698975, 'learning_rate': 0.00017671957671957673, 'num_tokens': 45056.0, 'mean_token_accuracy': 0.8610199689865112, 'epoch': 0.35}        
{'loss': 1.6086, 'grad_norm': 11.133727073669434, 'learning_rate': 0.00017566137566137565, 'num_tokens': 47104.0, 'mean_token_accuracy': 0.7756404876708984, 'epoch': 0.36}       
{'loss': 0.5244, 'grad_norm': 26.811649322509766, 'learning_rate': 0.00017460317460317462, 'num_tokens': 49152.0, 'mean_token_accuracy': 0.8885498046875, 'epoch': 0.38}          
{'loss': 1.7824, 'grad_norm': 19.722999572753906, 'learning_rate': 0.00017354497354497354, 'num_tokens': 51200.0, 'mean_token_accuracy': 0.8001435995101929, 'epoch': 0.4}        
{'loss': 0.5933, 'grad_norm': 5.003993034362793, 'learning_rate': 0.0001724867724867725, 'num_tokens': 53248.0, 'mean_token_accuracy': 0.8864825367927551, 'epoch': 0.41}         
{'loss': 1.4309, 'grad_norm': 33.72541046142578, 'learning_rate': 0.00017142857142857143, 'num_tokens': 55296.0, 'mean_token_accuracy': 0.8305308967828751, 'epoch': 0.43}        
{'loss': 1.6068, 'grad_norm': 36.344303131103516, 'learning_rate': 0.00017037037037037037, 'num_tokens': 57344.0, 'mean_token_accuracy': 0.821922704577446, 'epoch': 0.44}        
{'loss': 0.2117, 'grad_norm': 2.51137638092041, 'learning_rate': 0.00016931216931216931, 'num_tokens': 59392.0, 'mean_token_accuracy': 0.9491180926561356, 'epoch': 0.46}         
{'loss': 1.6898, 'grad_norm': 1199.190673828125, 'learning_rate': 0.00016825396825396826, 'num_tokens': 61440.0, 'mean_token_accuracy': 0.8078458607196808, 'epoch': 0.47}        
{'loss': 2.8979, 'grad_norm': 51.79785919189453, 'learning_rate': 0.0001671957671957672, 'num_tokens': 63488.0, 'mean_token_accuracy': 0.6356731802225113, 'epoch': 0.49}         
{'loss': 4.5298, 'grad_norm': 730.4826049804688, 'learning_rate': 0.00016613756613756615, 'num_tokens': 65536.0, 'mean_token_accuracy': 0.4115224815905094, 'epoch': 0.51}        
{'loss': 4.5814, 'grad_norm': 1291.2061767578125, 'learning_rate': 0.0001650793650793651, 'num_tokens': 67584.0, 'mean_token_accuracy': 0.5977121666073799, 'epoch': 0.52}        
{'loss': 1.6797, 'grad_norm': 28.38459587097168, 'learning_rate': 0.00016402116402116404, 'num_tokens': 69551.0, 'mean_token_accuracy': 0.789576955139637, 'epoch': 0.54}         
{'loss': 5.2856, 'grad_norm': 495.4220886230469, 'learning_rate': 0.00016296296296296295, 'num_tokens': 71599.0, 'mean_token_accuracy': 0.2958580143749714, 'epoch': 0.55}        {'loss': 1.748, 'grad_norm': 38.505592346191406, 'learning_rate': 0.00016190476190476192, 'num_tokens': 73647.0, 'mean_token_accuracy': 0.755543626844883, 'epoch': 0.57}         
{'loss': 1.4328, 'grad_norm': 615.86181640625, 'learning_rate': 0.00016084656084656084, 'num_tokens': 75695.0, 'mean_token_accuracy': 0.7757056504487991, 'epoch': 0.58}          
{'loss': 0.7745, 'grad_norm': 13.866674423217773, 'learning_rate': 0.00015978835978835979, 'num_tokens': 77743.0, 'mean_token_accuracy': 0.8739919364452362, 'epoch': 0.6}        
{'loss': 0.2522, 'grad_norm': 5.534592628479004, 'learning_rate': 0.00015873015873015873, 'num_tokens': 79791.0, 'mean_token_accuracy': 0.9369306713342667, 'epoch': 0.62}        
{'loss': 0.551, 'grad_norm': 8.730484008789062, 'learning_rate': 0.00015767195767195767, 'num_tokens': 81839.0, 'mean_token_accuracy': 0.903603583574295, 'epoch': 0.63}          
{'loss': 1.1856, 'grad_norm': 12.128761291503906, 'learning_rate': 0.00015661375661375662, 'num_tokens': 83887.0, 'mean_token_accuracy': 0.8005631417036057, 'epoch': 0.65}       
{'loss': 1.0258, 'grad_norm': 66.07418060302734, 'learning_rate': 0.00015555555555555556, 'num_tokens': 85935.0, 'mean_token_accuracy': 0.8318409621715546, 'epoch': 0.66}        
{'loss': 1.6018, 'grad_norm': 3.9209015369415283, 'learning_rate': 0.0001544973544973545, 'num_tokens': 87983.0, 'mean_token_accuracy': 0.718807265162468, 'epoch': 0.68}         
{'loss': 2.4176, 'grad_norm': 49.353736877441406, 'learning_rate': 0.00015343915343915345, 'num_tokens': 90031.0, 'mean_token_accuracy': 0.7149682343006134, 'epoch': 0.7}        
{'loss': 1.5749, 'grad_norm': 5.7324628829956055, 'learning_rate': 0.00015238095238095237, 'num_tokens': 92079.0, 'mean_token_accuracy': 0.7829334884881973, 'epoch': 0.71}       
{'loss': 2.1654, 'grad_norm': 26.967649459838867, 'learning_rate': 0.00015132275132275134, 'num_tokens': 94127.0, 'mean_token_accuracy': 0.714459091424942, 'epoch': 0.73}        
{'loss': 4.6617, 'grad_norm': 369.3826599121094, 'learning_rate': 0.00015026455026455026, 'num_tokens': 96175.0, 'mean_token_accuracy': 0.46118950471282005, 'epoch': 0.74}       
{'loss': 2.3401, 'grad_norm': 38.546966552734375, 'learning_rate': 0.00014920634920634923, 'num_tokens': 98223.0, 'mean_token_accuracy': 0.6650010421872139, 'epoch': 0.76}       
{'loss': 0.6139, 'grad_norm': 174.20750427246094, 'learning_rate': 0.00014814814814814815, 'num_tokens': 100271.0, 'mean_token_accuracy': 0.8942241370677948, 'epoch': 0.77}      
{'loss': 0.1791, 'grad_norm': 2.477904796600342, 'learning_rate': 0.0001470899470899471, 'num_tokens': 102319.0, 'mean_token_accuracy': 0.9581102132797241, 'epoch': 0.79}        
{'loss': 0.7557, 'grad_norm': 13.979427337646484, 'learning_rate': 0.00014603174603174603, 'num_tokens': 104367.0, 'mean_token_accuracy': 0.8675906360149384, 'epoch': 0.81}      
{'loss': 1.0326, 'grad_norm': 45.41844177246094, 'learning_rate': 0.00014497354497354498, 'num_tokens': 106415.0, 'mean_token_accuracy': 0.8307922184467316, 'epoch': 0.82}       
{'loss': 0.4402, 'grad_norm': 7.187110900878906, 'learning_rate': 0.00014391534391534392, 'num_tokens': 108463.0, 'mean_token_accuracy': 0.9179095476865768, 'epoch': 0.84}       
{'loss': 0.6725, 'grad_norm': 3.0076792240142822, 'learning_rate': 0.00014285714285714287, 'num_tokens': 110511.0, 'mean_token_accuracy': 0.8796071261167526, 'epoch': 0.85}      
{'loss': 0.8483, 'grad_norm': 15.756589889526367, 'learning_rate': 0.00014179894179894179, 'num_tokens': 112559.0, 'mean_token_accuracy': 0.8425869345664978, 'epoch': 0.87}      
{'loss': 0.4479, 'grad_norm': 24.297344207763672, 'learning_rate': 0.00014074074074074076, 'num_tokens': 114607.0, 'mean_token_accuracy': 0.9142187982797623, 'epoch': 0.89}      
{'loss': 0.2236, 'grad_norm': 1.560207724571228, 'learning_rate': 0.00013968253968253967, 'num_tokens': 116655.0, 'mean_token_accuracy': 0.9510578513145447, 'epoch': 0.9}        
{'loss': 0.8056, 'grad_norm': 3.3957228660583496, 'learning_rate': 0.00013862433862433865, 'num_tokens': 118703.0, 'mean_token_accuracy': 0.8537905067205429, 'epoch': 0.92}      
{'loss': 0.2885, 'grad_norm': 4.769352436065674, 'learning_rate': 0.00013756613756613756, 'num_tokens': 120751.0, 'mean_token_accuracy': 0.9340368360280991, 'epoch': 0.93}       
{'loss': 0.2985, 'grad_norm': 1.9870610237121582, 'learning_rate': 0.0001365079365079365, 'num_tokens': 122799.0, 'mean_token_accuracy': 0.944227397441864, 'epoch': 0.95}        
{'loss': 0.3562, 'grad_norm': 5.706515789031982, 'learning_rate': 0.00013544973544973545, 'num_tokens': 124847.0, 'mean_token_accuracy': 0.9253706485033035, 'epoch': 0.96}       
{'loss': 0.4467, 'grad_norm': 3.2922778129577637, 'learning_rate': 0.0001343915343915344, 'num_tokens': 126895.0, 'mean_token_accuracy': 0.9198663085699081, 'epoch': 0.98}       
{'loss': 0.3027, 'grad_norm': 3.43906569480896, 'learning_rate': 0.00013333333333333334, 'num_tokens': 128943.0, 'mean_token_accuracy': 0.9214813560247421, 'epoch': 1.0}         
{'loss': 0.5674, 'grad_norm': 1149.841552734375, 'learning_rate': 0.00013227513227513228, 'num_tokens': 130863.0, 'mean_token_accuracy': 0.9370233565568924, 'epoch': 1.01}       
{'loss': 0.216, 'grad_norm': 2.350062847137451, 'learning_rate': 0.00013121693121693123, 'num_tokens': 132911.0, 'mean_token_accuracy': 0.9501007944345474, 'epoch': 1.03}        
{'loss': 0.5699, 'grad_norm': 12.007654190063477, 'learning_rate': 0.00013015873015873017, 'num_tokens': 134959.0, 'mean_token_accuracy': 0.8896857798099518, 'epoch': 1.04}      
{'loss': 0.2356, 'grad_norm': 2.2275257110595703, 'learning_rate': 0.0001291005291005291, 'num_tokens': 137007.0, 'mean_token_accuracy': 0.9496180713176727, 'epoch': 1.06}       
{'loss': 0.5029, 'grad_norm': 3.865462064743042, 'learning_rate': 0.00012804232804232806, 'num_tokens': 139055.0, 'mean_token_accuracy': 0.8974206745624542, 'epoch': 1.08}       
{'loss': 0.3295, 'grad_norm': 4.155177116394043, 'learning_rate': 0.00012698412698412698, 'num_tokens': 141103.0, 'mean_token_accuracy': 0.9078673720359802, 'epoch': 1.09}       
{'loss': 0.1596, 'grad_norm': 2.4686498641967773, 'learning_rate': 0.00012592592592592592, 'num_tokens': 143151.0, 'mean_token_accuracy': 0.9516128897666931, 'epoch': 1.11}      
{'loss': 0.327, 'grad_norm': 4.367743968963623, 'learning_rate': 0.00012486772486772487, 'num_tokens': 145199.0, 'mean_token_accuracy': 0.9309769868850708, 'epoch': 1.12}        
{'loss': 0.3817, 'grad_norm': 5.132810115814209, 'learning_rate': 0.0001238095238095238, 'num_tokens': 147247.0, 'mean_token_accuracy': 0.9294666945934296, 'epoch': 1.14}        
{'loss': 0.5046, 'grad_norm': 7.173032760620117, 'learning_rate': 0.00012275132275132276, 'num_tokens': 149295.0, 'mean_token_accuracy': 0.9390749782323837, 'epoch': 1.15}       
{'loss': 0.3606, 'grad_norm': 5.414489269256592, 'learning_rate': 0.0001216931216931217, 'num_tokens': 151343.0, 'mean_token_accuracy': 0.9121302366256714, 'epoch': 1.17}        
{'loss': 0.4993, 'grad_norm': 12.551979064941406, 'learning_rate': 0.00012063492063492063, 'num_tokens': 153391.0, 'mean_token_accuracy': 0.9122603535652161, 'epoch': 1.19}      
{'loss': 0.2028, 'grad_norm': 2.1641759872436523, 'learning_rate': 0.00011957671957671959, 'num_tokens': 155439.0, 'mean_token_accuracy': 0.9496484994888306, 'epoch': 1.2}       
{'loss': 0.3002, 'grad_norm': 2.411891460418701, 'learning_rate': 0.00011851851851851852, 'num_tokens': 157487.0, 'mean_token_accuracy': 0.9228785932064056, 'epoch': 1.22}       
{'loss': 0.3411, 'grad_norm': 3.7809736728668213, 'learning_rate': 0.00011746031746031746, 'num_tokens': 159535.0, 'mean_token_accuracy': 0.945065438747406, 'epoch': 1.23}       
{'loss': 0.298, 'grad_norm': 2.649360418319702, 'learning_rate': 0.0001164021164021164, 'num_tokens': 161583.0, 'mean_token_accuracy': 0.9450380802154541, 'epoch': 1.25}         
{'loss': 0.3316, 'grad_norm': 1.9203420877456665, 'learning_rate': 0.00011534391534391535, 'num_tokens': 163631.0, 'mean_token_accuracy': 0.924843892455101, 'epoch': 1.26}       
{'loss': 0.5004, 'grad_norm': 15.946171760559082, 'learning_rate': 0.00011428571428571428, 'num_tokens': 165679.0, 'mean_token_accuracy': 0.9148185402154922, 'epoch': 1.28}      
{'loss': 0.9653, 'grad_norm': 36.294498443603516, 'learning_rate': 0.00011322751322751324, 'num_tokens': 167727.0, 'mean_token_accuracy': 0.8291168808937073, 'epoch': 1.3}       
{'loss': 0.3288, 'grad_norm': 2.0855793952941895, 'learning_rate': 0.00011216931216931217, 'num_tokens': 169775.0, 'mean_token_accuracy': 0.9304617792367935, 'epoch': 1.31}      
{'loss': 0.455, 'grad_norm': 3.3077399730682373, 'learning_rate': 0.00011111111111111112, 'num_tokens': 171823.0, 'mean_token_accuracy': 0.9224579781293869, 'epoch': 1.33}       
{'loss': 0.1265, 'grad_norm': 0.9765668511390686, 'learning_rate': 0.00011005291005291005, 'num_tokens': 173871.0, 'mean_token_accuracy': 0.9597259759902954, 'epoch': 1.34}      
{'loss': 0.4785, 'grad_norm': 32.12779998779297, 'learning_rate': 0.000108994708994709, 'num_tokens': 175919.0, 'mean_token_accuracy': 0.9073127210140228, 'epoch': 1.36}         
{'loss': 0.2892, 'grad_norm': 6.9976325035095215, 'learning_rate': 0.00010793650793650794, 'num_tokens': 177967.0, 'mean_token_accuracy': 0.9385455846786499, 'epoch': 1.38}      
{'loss': 0.2529, 'grad_norm': 48.22882843017578, 'learning_rate': 0.0001068783068783069, 'num_tokens': 180015.0, 'mean_token_accuracy': 0.9355082213878632, 'epoch': 1.39}        
{'loss': 0.1675, 'grad_norm': 0.9664145708084106, 'learning_rate': 0.00010582010582010582, 'num_tokens': 182063.0, 'mean_token_accuracy': 0.9576612859964371, 'epoch': 1.41}      
{'loss': 0.332, 'grad_norm': 1.5976022481918335, 'learning_rate': 0.00010476190476190477, 'num_tokens': 184111.0, 'mean_token_accuracy': 0.9319950342178345, 'epoch': 1.42}       
{'loss': 0.2375, 'grad_norm': 14.408455848693848, 'learning_rate': 0.0001037037037037037, 'num_tokens': 186159.0, 'mean_token_accuracy': 0.9456121921539307, 'epoch': 1.44}       
{'loss': 0.1344, 'grad_norm': 1.1726423501968384, 'learning_rate': 0.00010264550264550266, 'num_tokens': 188207.0, 'mean_token_accuracy': 0.9622336179018021, 'epoch': 1.45}      
{'loss': 0.5163, 'grad_norm': 12.720667839050293, 'learning_rate': 0.00010158730158730159, 'num_tokens': 190255.0, 'mean_token_accuracy': 0.9083634912967682, 'epoch': 1.47}      
{'loss': 0.1958, 'grad_norm': 1.1898828744888306, 'learning_rate': 0.00010052910052910055, 'num_tokens': 192303.0, 'mean_token_accuracy': 0.9451678842306137, 'epoch': 1.49}      
{'loss': 0.2356, 'grad_norm': 3.5209107398986816, 'learning_rate': 9.947089947089946e-05, 'num_tokens': 194351.0, 'mean_token_accuracy': 0.9455868303775787, 'epoch': 1.5}        
{'loss': 0.1795, 'grad_norm': 1.6216591596603394, 'learning_rate': 9.841269841269841e-05, 'num_tokens': 196399.0, 'mean_token_accuracy': 0.95356784760952, 'epoch': 1.52}         
{'loss': 0.2114, 'grad_norm': 2.534198522567749, 'learning_rate': 9.735449735449735e-05, 'num_tokens': 198447.0, 'mean_token_accuracy': 0.9501312226057053, 'epoch': 1.53}        
{'loss': 0.148, 'grad_norm': 3.6367177963256836, 'learning_rate': 9.62962962962963e-05, 'num_tokens': 200495.0, 'mean_token_accuracy': 0.9627441167831421, 'epoch': 1.55}         
{'loss': 0.1503, 'grad_norm': 1.2571834325790405, 'learning_rate': 9.523809523809524e-05, 'num_tokens': 202543.0, 'mean_token_accuracy': 0.9586693346500397, 'epoch': 1.57}       
{'loss': 0.19, 'grad_norm': 1.3323990106582642, 'learning_rate': 9.417989417989419e-05, 'num_tokens': 204591.0, 'mean_token_accuracy': 0.9551146328449249, 'epoch': 1.58}         
{'loss': 0.2381, 'grad_norm': 1.8262112140655518, 'learning_rate': 9.312169312169312e-05, 'num_tokens': 206639.0, 'mean_token_accuracy': 0.9414985328912735, 'epoch': 1.6}        
{'loss': 0.1417, 'grad_norm': 1.4172966480255127, 'learning_rate': 9.206349206349206e-05, 'num_tokens': 208687.0, 'mean_token_accuracy': 0.9611477553844452, 'epoch': 1.61}       
{'loss': 0.1446, 'grad_norm': 1.1017597913742065, 'learning_rate': 9.1005291005291e-05, 'num_tokens': 210735.0, 'mean_token_accuracy': 0.958686575293541, 'epoch': 1.63}          
{'loss': 0.2638, 'grad_norm': 1.8563824892044067, 'learning_rate': 8.994708994708995e-05, 'num_tokens': 212783.0, 'mean_token_accuracy': 0.9461517184972763, 'epoch': 1.64}       
{'loss': 0.1586, 'grad_norm': 1.5461101531982422, 'learning_rate': 8.888888888888889e-05, 'num_tokens': 214831.0, 'mean_token_accuracy': 0.9547319561243057, 'epoch': 1.66}       
{'loss': 0.1481, 'grad_norm': 5.042352676391602, 'learning_rate': 8.783068783068782e-05, 'num_tokens': 216879.0, 'mean_token_accuracy': 0.9576612710952759, 'epoch': 1.68}        
{'loss': 0.1179, 'grad_norm': 0.8777816891670227, 'learning_rate': 8.677248677248677e-05, 'num_tokens': 218927.0, 'mean_token_accuracy': 0.9658076018095016, 'epoch': 1.69}       
{'loss': 0.2044, 'grad_norm': 1.6695585250854492, 'learning_rate': 8.571428571428571e-05, 'num_tokens': 220975.0, 'mean_token_accuracy': 0.9521734416484833, 'epoch': 1.71}       
{'loss': 0.1384, 'grad_norm': 1.3243082761764526, 'learning_rate': 8.465608465608466e-05, 'num_tokens': 223023.0, 'mean_token_accuracy': 0.9587351679801941, 'epoch': 1.72}       
{'loss': 0.1367, 'grad_norm': 1.3407939672470093, 'learning_rate': 8.35978835978836e-05, 'num_tokens': 225071.0, 'mean_token_accuracy': 0.9632420688867569, 'epoch': 1.74}        
{'loss': 0.1424, 'grad_norm': 0.9238184690475464, 'learning_rate': 8.253968253968255e-05, 'num_tokens': 227119.0, 'mean_token_accuracy': 0.9596406668424606, 'epoch': 1.75}       
{'loss': 0.1201, 'grad_norm': 0.9261302351951599, 'learning_rate': 8.148148148148148e-05, 'num_tokens': 229167.0, 'mean_token_accuracy': 0.9671808034181595, 'epoch': 1.77}       
{'loss': 0.1955, 'grad_norm': 1.44325852394104, 'learning_rate': 8.042328042328042e-05, 'num_tokens': 231215.0, 'mean_token_accuracy': 0.9541173875331879, 'epoch': 1.79}         
{'loss': 0.1534, 'grad_norm': 2.866529703140259, 'learning_rate': 7.936507936507937e-05, 'num_tokens': 233263.0, 'mean_token_accuracy': 0.9576378613710403, 'epoch': 1.8}         
{'loss': 0.1304, 'grad_norm': 0.9500370621681213, 'learning_rate': 7.830687830687831e-05, 'num_tokens': 235311.0, 'mean_token_accuracy': 0.9587706178426743, 'epoch': 1.82}       
{'loss': 0.1362, 'grad_norm': 1.3350802659988403, 'learning_rate': 7.724867724867725e-05, 'num_tokens': 237278.0, 'mean_token_accuracy': 0.9618404805660248, 'epoch': 1.83}       
{'loss': 0.2263, 'grad_norm': 2.8534858226776123, 'learning_rate': 7.619047619047618e-05, 'num_tokens': 239326.0, 'mean_token_accuracy': 0.9516128897666931, 'epoch': 1.85}       
{'loss': 0.1796, 'grad_norm': 1.0457388162612915, 'learning_rate': 7.513227513227513e-05, 'num_tokens': 241374.0, 'mean_token_accuracy': 0.9592159688472748, 'epoch': 1.87}       
{'loss': 0.1482, 'grad_norm': 1.8914823532104492, 'learning_rate': 7.407407407407407e-05, 'num_tokens': 243422.0, 'mean_token_accuracy': 0.9586875885725021, 'epoch': 1.88}       
{'loss': 0.1395, 'grad_norm': 1.111967921257019, 'learning_rate': 7.301587301587302e-05, 'num_tokens': 245470.0, 'mean_token_accuracy': 0.9566532075405121, 'epoch': 1.9}         
{'loss': 0.1337, 'grad_norm': 0.8101940155029297, 'learning_rate': 7.195767195767196e-05, 'num_tokens': 247518.0, 'mean_token_accuracy': 0.9582106173038483, 'epoch': 1.91}       
{'loss': 0.1233, 'grad_norm': 1.1197714805603027, 'learning_rate': 7.089947089947089e-05, 'num_tokens': 249566.0, 'mean_token_accuracy': 0.9642257690429688, 'epoch': 1.93}       
{'loss': 0.121, 'grad_norm': 0.8693098425865173, 'learning_rate': 6.984126984126984e-05, 'num_tokens': 251614.0, 'mean_token_accuracy': 0.9622744917869568, 'epoch': 1.94}        
{'loss': 0.1394, 'grad_norm': 1.6858693361282349, 'learning_rate': 6.878306878306878e-05, 'num_tokens': 253662.0, 'mean_token_accuracy': 0.9591895937919617, 'epoch': 1.96}       
{'loss': 0.2055, 'grad_norm': 32.53900909423828, 'learning_rate': 6.772486772486773e-05, 'num_tokens': 255710.0, 'mean_token_accuracy': 0.9446233808994293, 'epoch': 1.98}        
{'loss': 0.1212, 'grad_norm': 0.8022171854972839, 'learning_rate': 6.666666666666667e-05, 'num_tokens': 257758.0, 'mean_token_accuracy': 0.9601750373840332, 'epoch': 1.99}       
{'loss': 0.2544, 'grad_norm': 2.9595770835876465, 'learning_rate': 6.560846560846561e-05, 'num_tokens': 259678.0, 'mean_token_accuracy': 0.9646973758935928, 'epoch': 2.01}       
{'loss': 0.118, 'grad_norm': 0.9215842485427856, 'learning_rate': 6.455026455026454e-05, 'num_tokens': 261726.0, 'mean_token_accuracy': 0.9601610749959946, 'epoch': 2.02}        
{'loss': 0.1297, 'grad_norm': 1.050045132637024, 'learning_rate': 6.349206349206349e-05, 'num_tokens': 263774.0, 'mean_token_accuracy': 0.9627208560705185, 'epoch': 2.04}        
{'loss': 0.1146, 'grad_norm': 0.7070456147193909, 'learning_rate': 6.243386243386243e-05, 'num_tokens': 265822.0, 'mean_token_accuracy': 0.9647349566221237, 'epoch': 2.06}       
{'loss': 0.0957, 'grad_norm': 0.7713896036148071, 'learning_rate': 6.137566137566138e-05, 'num_tokens': 267870.0, 'mean_token_accuracy': 0.9677611291408539, 'epoch': 2.07}       
{'loss': 0.1243, 'grad_norm': 0.722176194190979, 'learning_rate': 6.0317460317460316e-05, 'num_tokens': 269918.0, 'mean_token_accuracy': 0.9602198898792267, 'epoch': 2.09}       
{'loss': 0.1065, 'grad_norm': 0.7153736352920532, 'learning_rate': 5.925925925925926e-05, 'num_tokens': 271966.0, 'mean_token_accuracy': 0.9652196019887924, 'epoch': 2.1}        
{'loss': 0.1117, 'grad_norm': 0.8497118949890137, 'learning_rate': 5.82010582010582e-05, 'num_tokens': 274014.0, 'mean_token_accuracy': 0.9672378897666931, 'epoch': 2.12}        
{'loss': 0.098, 'grad_norm': 0.5880506634712219, 'learning_rate': 5.714285714285714e-05, 'num_tokens': 276062.0, 'mean_token_accuracy': 0.9657247066497803, 'epoch': 2.13}        
{'loss': 0.1097, 'grad_norm': 0.9794129729270935, 'learning_rate': 5.6084656084656086e-05, 'num_tokens': 278110.0, 'mean_token_accuracy': 0.9612116664648056, 'epoch': 2.15}      
{'loss': 0.1017, 'grad_norm': 1.6509475708007812, 'learning_rate': 5.5026455026455024e-05, 'num_tokens': 280158.0, 'mean_token_accuracy': 0.9672335535287857, 'epoch': 2.17}      
{'loss': 0.1222, 'grad_norm': 0.757804274559021, 'learning_rate': 5.396825396825397e-05, 'num_tokens': 282206.0, 'mean_token_accuracy': 0.9592370092868805, 'epoch': 2.18}        
{'loss': 0.1096, 'grad_norm': 12.629866600036621, 'learning_rate': 5.291005291005291e-05, 'num_tokens': 284254.0, 'mean_token_accuracy': 0.9672052413225174, 'epoch': 2.2}        
{'loss': 0.1011, 'grad_norm': 0.8028460741043091, 'learning_rate': 5.185185185185185e-05, 'num_tokens': 286302.0, 'mean_token_accuracy': 0.9632259160280228, 'epoch': 2.21}       
{'loss': 0.105, 'grad_norm': 0.9648500084877014, 'learning_rate': 5.0793650793650794e-05, 'num_tokens': 288350.0, 'mean_token_accuracy': 0.9626802057027817, 'epoch': 2.23}       
{'loss': 0.0949, 'grad_norm': 0.829878032207489, 'learning_rate': 4.973544973544973e-05, 'num_tokens': 290398.0, 'mean_token_accuracy': 0.9662764072418213, 'epoch': 2.25}        
{'loss': 0.1053, 'grad_norm': 0.6603378057479858, 'learning_rate': 4.8677248677248676e-05, 'num_tokens': 292446.0, 'mean_token_accuracy': 0.9672642052173615, 'epoch': 2.26}      
{'loss': 0.1, 'grad_norm': 0.6081180572509766, 'learning_rate': 4.761904761904762e-05, 'num_tokens': 294494.0, 'mean_token_accuracy': 0.9652885049581528, 'epoch': 2.28}          
{'loss': 0.1106, 'grad_norm': 0.8708097338676453, 'learning_rate': 4.656084656084656e-05, 'num_tokens': 296542.0, 'mean_token_accuracy': 0.9646930247545242, 'epoch': 2.29}       
{'loss': 0.1087, 'grad_norm': 0.7177837491035461, 'learning_rate': 4.55026455026455e-05, 'num_tokens': 298590.0, 'mean_token_accuracy': 0.9637369066476822, 'epoch': 2.31}        
{'loss': 0.1249, 'grad_norm': 1.0484721660614014, 'learning_rate': 4.4444444444444447e-05, 'num_tokens': 300638.0, 'mean_token_accuracy': 0.9576468616724014, 'epoch': 2.32}      
{'loss': 0.0794, 'grad_norm': 0.5821070075035095, 'learning_rate': 4.3386243386243384e-05, 'num_tokens': 302686.0, 'mean_token_accuracy': 0.9702650755643845, 'epoch': 2.34}      
{'loss': 0.093, 'grad_norm': 1.1321812868118286, 'learning_rate': 4.232804232804233e-05, 'num_tokens': 304734.0, 'mean_token_accuracy': 0.9687326848506927, 'epoch': 2.36}        
{'loss': 0.09, 'grad_norm': 0.6323719620704651, 'learning_rate': 4.126984126984127e-05, 'num_tokens': 306782.0, 'mean_token_accuracy': 0.9667521268129349, 'epoch': 2.37}         
{'loss': 0.09, 'grad_norm': 0.6678368449211121, 'learning_rate': 4.021164021164021e-05, 'num_tokens': 308830.0, 'mean_token_accuracy': 0.9703004509210587, 'epoch': 2.39}         
{'loss': 0.0961, 'grad_norm': 0.6769821047782898, 'learning_rate': 3.9153439153439155e-05, 'num_tokens': 310878.0, 'mean_token_accuracy': 0.9626842886209488, 'epoch': 2.4}       
{'loss': 0.1064, 'grad_norm': 0.8034291863441467, 'learning_rate': 3.809523809523809e-05, 'num_tokens': 312926.0, 'mean_token_accuracy': 0.9607045948505402, 'epoch': 2.42}       
{'loss': 0.0937, 'grad_norm': 0.6944005489349365, 'learning_rate': 3.7037037037037037e-05, 'num_tokens': 314974.0, 'mean_token_accuracy': 0.96875, 'epoch': 2.43}                 
{'loss': 0.0859, 'grad_norm': 0.6050968766212463, 'learning_rate': 3.597883597883598e-05, 'num_tokens': 317022.0, 'mean_token_accuracy': 0.9666889905929565, 'epoch': 2.45}       
{'loss': 0.089, 'grad_norm': 0.8752161264419556, 'learning_rate': 3.492063492063492e-05, 'num_tokens': 319070.0, 'mean_token_accuracy': 0.9671797901391983, 'epoch': 2.47}        
{'loss': 0.0885, 'grad_norm': 0.7846567034721375, 'learning_rate': 3.386243386243386e-05, 'num_tokens': 321118.0, 'mean_token_accuracy': 0.9657602161169052, 'epoch': 2.48}       
{'loss': 0.1063, 'grad_norm': 0.9595123529434204, 'learning_rate': 3.280423280423281e-05, 'num_tokens': 323085.0, 'mean_token_accuracy': 0.9659437239170074, 'epoch': 2.5}        
{'loss': 0.0959, 'grad_norm': 0.6812249422073364, 'learning_rate': 3.1746031746031745e-05, 'num_tokens': 325133.0, 'mean_token_accuracy': 0.9672854989767075, 'epoch': 2.51}      
{'loss': 0.0952, 'grad_norm': 0.7143980860710144, 'learning_rate': 3.068783068783069e-05, 'num_tokens': 327181.0, 'mean_token_accuracy': 0.9627005010843277, 'epoch': 2.53}       
{'loss': 0.0942, 'grad_norm': 0.8441192507743835, 'learning_rate': 2.962962962962963e-05, 'num_tokens': 329229.0, 'mean_token_accuracy': 0.9672479182481766, 'epoch': 2.55}       
{'loss': 0.0937, 'grad_norm': 0.6359473466873169, 'learning_rate': 2.857142857142857e-05, 'num_tokens': 331277.0, 'mean_token_accuracy': 0.9677581489086151, 'epoch': 2.56}       
{'loss': 0.0807, 'grad_norm': 0.55281662940979, 'learning_rate': 2.7513227513227512e-05, 'num_tokens': 333325.0, 'mean_token_accuracy': 0.9682642221450806, 'epoch': 2.58}        
{'loss': 0.0836, 'grad_norm': 3.576159954071045, 'learning_rate': 2.6455026455026456e-05, 'num_tokens': 335373.0, 'mean_token_accuracy': 0.9693117737770081, 'epoch': 2.59}       
{'loss': 0.1083, 'grad_norm': 1.2070339918136597, 'learning_rate': 2.5396825396825397e-05, 'num_tokens': 337421.0, 'mean_token_accuracy': 0.9632400423288345, 'epoch': 2.61}      
{'loss': 0.0969, 'grad_norm': 0.7027451395988464, 'learning_rate': 2.4338624338624338e-05, 'num_tokens': 339469.0, 'mean_token_accuracy': 0.9652034342288971, 'epoch': 2.62}      
{'loss': 0.0889, 'grad_norm': 0.5057049989700317, 'learning_rate': 2.328042328042328e-05, 'num_tokens': 341517.0, 'mean_token_accuracy': 0.9678145051002502, 'epoch': 2.64}       
{'loss': 0.0859, 'grad_norm': 0.755703330039978, 'learning_rate': 2.2222222222222223e-05, 'num_tokens': 343565.0, 'mean_token_accuracy': 0.9667185992002487, 'epoch': 2.66}       
{'loss': 0.0873, 'grad_norm': 0.6045993566513062, 'learning_rate': 2.1164021164021164e-05, 'num_tokens': 345613.0, 'mean_token_accuracy': 0.9677266478538513, 'epoch': 2.67}      
{'loss': 0.0943, 'grad_norm': 0.6685709953308105, 'learning_rate': 2.0105820105820105e-05, 'num_tokens': 347661.0, 'mean_token_accuracy': 0.9637441337108612, 'epoch': 2.69}      
{'loss': 0.0857, 'grad_norm': 0.631016194820404, 'learning_rate': 1.9047619047619046e-05, 'num_tokens': 349709.0, 'mean_token_accuracy': 0.9672986268997192, 'epoch': 2.7}        
{'loss': 0.0883, 'grad_norm': 0.6258735656738281, 'learning_rate': 1.798941798941799e-05, 'num_tokens': 351757.0, 'mean_token_accuracy': 0.9667338728904724, 'epoch': 2.72}       
{'loss': 0.0822, 'grad_norm': 3.8046860694885254, 'learning_rate': 1.693121693121693e-05, 'num_tokens': 353805.0, 'mean_token_accuracy': 0.9713207930326462, 'epoch': 2.74}       
{'loss': 0.0933, 'grad_norm': 0.793166995048523, 'learning_rate': 1.5873015873015872e-05, 'num_tokens': 355853.0, 'mean_token_accuracy': 0.9672571569681168, 'epoch': 2.75}       
{'loss': 0.0785, 'grad_norm': 0.6780136823654175, 'learning_rate': 1.4814814814814815e-05, 'num_tokens': 357901.0, 'mean_token_accuracy': 0.9698016494512558, 'epoch': 2.77}      
{'loss': 0.0875, 'grad_norm': 0.6405028700828552, 'learning_rate': 1.3756613756613756e-05, 'num_tokens': 359949.0, 'mean_token_accuracy': 0.9667804837226868, 'epoch': 2.78}      
{'loss': 0.0839, 'grad_norm': 0.5584296584129333, 'learning_rate': 1.2698412698412699e-05, 'num_tokens': 361997.0, 'mean_token_accuracy': 0.9667673110961914, 'epoch': 2.8}       
 94%|████████████████████████████████████████████████████████████████████████████████████████████████████████████████████████████████▎        | 177/189 [4:07:39<12:37, 63.15s/it





 