
{'loss': 1.7169, 'grad_norm': 4.602846622467041, 'learning_rate': 0.00019722222222222225, 'epoch': 0.04}                                                                          
{'loss': 1.5695, 'grad_norm': 4.592080593109131, 'learning_rate': 0.00019444444444444446, 'epoch': 0.08}                                                                          
{'loss': 1.4102, 'grad_norm': 2.7308692932128906, 'learning_rate': 0.00019166666666666667, 'epoch': 0.12}                                                                         
{'loss': 1.4951, 'grad_norm': 4.2831244468688965, 'learning_rate': 0.00018888888888888888, 'epoch': 0.16}                                                                         
{'loss': 1.3556, 'grad_norm': 3.158132553100586, 'learning_rate': 0.00018611111111111112, 'epoch': 0.2}                                                                           
{'loss': 1.4974, 'grad_norm': 3.8471879959106445, 'learning_rate': 0.00018333333333333334, 'epoch': 0.24}                                                                         
{'loss': 1.5015, 'grad_norm': 2.5397441387176514, 'learning_rate': 0.00018055555555555557, 'epoch': 0.29}                                                                         
{'loss': 1.4102, 'grad_norm': 2.6535727977752686, 'learning_rate': 0.00017777777777777779, 'epoch': 0.33}                                                                         
{'loss': 1.3825, 'grad_norm': 2.7558345794677734, 'learning_rate': 0.000175, 'epoch': 0.37}                                                                                       
{'loss': 1.3726, 'grad_norm': 2.5427141189575195, 'learning_rate': 0.00017222222222222224, 'epoch': 0.41}                                                                         
 14%|███████████████████▌                                                                                                                         | 10/72 [05:55<36:57, 35.76s/it]/Users/adeelarshad/CorDA/.venv/lib/python3.12/site-packages/peft/utils/save_and_load.py:195: UserWarning: Could not find a config file in /Users/adeelarshad/Notebooks/models/TinyLlama-1.1B-Chat-v1.0 - will assume that the vocabulary was not modified.
  warnings.warn(
{'loss': 1.3311, 'grad_norm': 2.6746997833251953, 'learning_rate': 0.00016944444444444445, 'epoch': 0.45}                                                                         
{'loss': 1.354, 'grad_norm': 2.5427896976470947, 'learning_rate': 0.0001666666666666667, 'epoch': 0.49}                                                                           
{'loss': 1.3025, 'grad_norm': 2.736332893371582, 'learning_rate': 0.0001638888888888889, 'epoch': 0.53}                                                                           
{'loss': 1.3793, 'grad_norm': 3.223184823989868, 'learning_rate': 0.0001611111111111111, 'epoch': 0.57}                                                                           
{'loss': 1.3567, 'grad_norm': 3.5909628868103027, 'learning_rate': 0.00015833333333333332, 'epoch': 0.61}                                                                         
{'loss': 1.3818, 'grad_norm': 2.3610360622406006, 'learning_rate': 0.00015555555555555556, 'epoch': 0.65}                                                                         
{'loss': 1.5542, 'grad_norm': 2.6051297187805176, 'learning_rate': 0.00015277777777777777, 'epoch': 0.69}                                                                         
{'loss': 1.4879, 'grad_norm': 2.4585118293762207, 'learning_rate': 0.00015000000000000001, 'epoch': 0.73}                                                                         
{'loss': 1.4841, 'grad_norm': 2.5565922260284424, 'learning_rate': 0.00014722222222222223, 'epoch': 0.78}                                                                         
{'loss': 1.4387, 'grad_norm': 2.2182672023773193, 'learning_rate': 0.00014444444444444444, 'epoch': 0.82}                                                                         
 28%|███████████████████████████████████████▏                                                                                                     | 20/72 [11:55<32:42, 37.74s/it]/Users/adeelarshad/CorDA/.venv/lib/python3.12/site-packages/peft/utils/save_and_load.py:195: UserWarning: Could not find a config file in /Users/adeelarshad/Notebooks/models/TinyLlama-1.1B-Chat-v1.0 - will assume that the vocabulary was not modified.
  warnings.warn(
{'loss': 1.4739, 'grad_norm': 2.974581241607666, 'learning_rate': 0.00014166666666666668, 'epoch': 0.86}                                                                          
{'loss': 1.3516, 'grad_norm': 2.493027925491333, 'learning_rate': 0.0001388888888888889, 'epoch': 0.9}                                                                            
{'loss': 1.3177, 'grad_norm': 2.064401388168335, 'learning_rate': 0.00013611111111111113, 'epoch': 0.94}                                                                          
{'loss': 1.4375, 'grad_norm': 2.2343332767486572, 'learning_rate': 0.00013333333333333334, 'epoch': 0.98}                                                                         
{'loss': 1.5222, 'grad_norm': 2.1578967571258545, 'learning_rate': 0.00013055555555555555, 'epoch': 1.02}                                                                         
{'loss': 1.3107, 'grad_norm': 2.1181325912475586, 'learning_rate': 0.00012777777777777776, 'epoch': 1.06}                                                                         
{'loss': 1.2495, 'grad_norm': 2.1981022357940674, 'learning_rate': 0.000125, 'epoch': 1.1}                                                                                        
{'loss': 1.3416, 'grad_norm': 2.3672306537628174, 'learning_rate': 0.00012222222222222224, 'epoch': 1.14}                                                                         
{'loss': 1.3369, 'grad_norm': 2.228590726852417, 'learning_rate': 0.00011944444444444445, 'epoch': 1.18}                                                                          
{'loss': 1.2988, 'grad_norm': 2.0738093852996826, 'learning_rate': 0.00011666666666666668, 'epoch': 1.22}                                                                         
 42%|██████████████████████████████████████████████████████████▊                                                                                  | 30/72 [18:14<26:29, 37.84s/it]/Users/adeelarshad/CorDA/.venv/lib/python3.12/site-packages/peft/utils/save_and_load.py:195: UserWarning: Could not find a config file in /Users/adeelarshad/Notebooks/models/TinyLlama-1.1B-Chat-v1.0 - will assume that the vocabulary was not modified.
  warnings.warn(
{'loss': 1.2922, 'grad_norm': 2.3648674488067627, 'learning_rate': 0.00011388888888888889, 'epoch': 1.27}                                                                         
{'loss': 1.2745, 'grad_norm': 2.564518928527832, 'learning_rate': 0.00011111111111111112, 'epoch': 1.31}                                                                          
{'loss': 1.3377, 'grad_norm': 2.083481550216675, 'learning_rate': 0.00010833333333333333, 'epoch': 1.35}                                                                          
{'loss': 1.2874, 'grad_norm': 2.4142651557922363, 'learning_rate': 0.00010555555555555557, 'epoch': 1.39}                                                                         
{'loss': 1.2819, 'grad_norm': 2.274855375289917, 'learning_rate': 0.00010277777777777778, 'epoch': 1.43}                                                                          
{'loss': 1.2477, 'grad_norm': 2.207794189453125, 'learning_rate': 0.0001, 'epoch': 1.47}                                                                                          
{'loss': 1.2856, 'grad_norm': 2.613785982131958, 'learning_rate': 9.722222222222223e-05, 'epoch': 1.51}                                                                           
{'loss': 1.191, 'grad_norm': 2.5048787593841553, 'learning_rate': 9.444444444444444e-05, 'epoch': 1.55}                                                                           
{'loss': 1.4689, 'grad_norm': 2.5344467163085938, 'learning_rate': 9.166666666666667e-05, 'epoch': 1.59}                                                                          
{'loss': 1.3599, 'grad_norm': 2.126298427581787, 'learning_rate': 8.888888888888889e-05, 'epoch': 1.63}                                                                           
 56%|██████████████████████████████████████████████████████████████████████████████▎                                                              | 40/72 [23:59<18:21, 34.41s/it]/Users/adeelarshad/CorDA/.venv/lib/python3.12/site-packages/peft/utils/save_and_load.py:195: UserWarning: Could not find a config file in /Users/adeelarshad/Notebooks/models/TinyLlama-1.1B-Chat-v1.0 - will assume that the vocabulary was not modified.
  warnings.warn(
{'loss': 1.3263, 'grad_norm': 2.37687087059021, 'learning_rate': 8.611111111111112e-05, 'epoch': 1.67}                                                                            
{'loss': 1.2808, 'grad_norm': 2.357600450515747, 'learning_rate': 8.333333333333334e-05, 'epoch': 1.71}                                                                           
{'loss': 1.1547, 'grad_norm': 2.5655407905578613, 'learning_rate': 8.055555555555556e-05, 'epoch': 1.76}                                                                          
{'loss': 1.2369, 'grad_norm': 2.12773060798645, 'learning_rate': 7.777777777777778e-05, 'epoch': 1.8}                                                                             
{'loss': 1.1681, 'grad_norm': 2.172945737838745, 'learning_rate': 7.500000000000001e-05, 'epoch': 1.84}                                                                           
{'loss': 1.2362, 'grad_norm': 2.3392813205718994, 'learning_rate': 7.222222222222222e-05, 'epoch': 1.88}                                                                          
{'loss': 1.2398, 'grad_norm': 2.2612338066101074, 'learning_rate': 6.944444444444444e-05, 'epoch': 1.92}                                                                          
{'loss': 1.2235, 'grad_norm': 2.162029504776001, 'learning_rate': 6.666666666666667e-05, 'epoch': 1.96}                                                                           
{'loss': 1.3364, 'grad_norm': 2.2151994705200195, 'learning_rate': 6.388888888888888e-05, 'epoch': 2.0}                                                                           
{'loss': 1.1446, 'grad_norm': 2.1222894191741943, 'learning_rate': 6.111111111111112e-05, 'epoch': 2.04}                                                                          
 69%|█████████████████████████████████████████████████████████████████████████████████████████████████▉                                           | 50/72 [29:55<12:30, 34.12s/it]/Users/adeelarshad/CorDA/.venv/lib/python3.12/site-packages/peft/utils/save_and_load.py:195: UserWarning: Could not find a config file in /Users/adeelarshad/Notebooks/models/TinyLlama-1.1B-Chat-v1.0 - will assume that the vocabulary was not modified.
  warnings.warn(
{'loss': 1.2856, 'grad_norm': 2.236225128173828, 'learning_rate': 5.833333333333334e-05, 'epoch': 2.08}                                                                           
{'loss': 1.3134, 'grad_norm': 2.2290663719177246, 'learning_rate': 5.555555555555556e-05, 'epoch': 2.12}                                                                          
{'loss': 1.1121, 'grad_norm': 2.141136407852173, 'learning_rate': 5.2777777777777784e-05, 'epoch': 2.16}                                                                          
{'loss': 1.2559, 'grad_norm': 2.2328946590423584, 'learning_rate': 5e-05, 'epoch': 2.2}                                                                                           
{'loss': 1.1366, 'grad_norm': 2.0960237979888916, 'learning_rate': 4.722222222222222e-05, 'epoch': 2.24}                                                                          
{'loss': 1.3057, 'grad_norm': 2.1279799938201904, 'learning_rate': 4.4444444444444447e-05, 'epoch': 2.29}                                                                         
{'loss': 1.1389, 'grad_norm': 2.1285667419433594, 'learning_rate': 4.166666666666667e-05, 'epoch': 2.33}                                                                          
{'loss': 1.2012, 'grad_norm': 2.3858745098114014, 'learning_rate': 3.888888888888889e-05, 'epoch': 2.37}                                                                          
{'loss': 1.1892, 'grad_norm': 2.284452199935913, 'learning_rate': 3.611111111111111e-05, 'epoch': 2.41}                                                                           
{'loss': 1.2796, 'grad_norm': 2.2488160133361816, 'learning_rate': 3.3333333333333335e-05, 'epoch': 2.45}                                                                         
 83%|█████████████████████████████████████████████████████████████████████████████████████████████████████████████████████▌                       | 60/72 [35:28<06:44, 33.68s/it]/Users/adeelarshad/CorDA/.venv/lib/python3.12/site-packages/peft/utils/save_and_load.py:195: UserWarning: Could not find a config file in /Users/adeelarshad/Notebooks/models/TinyLlama-1.1B-Chat-v1.0 - will assume that the vocabulary was not modified.
  warnings.warn(
{'loss': 1.2255, 'grad_norm': 2.126901149749756, 'learning_rate': 3.055555555555556e-05, 'epoch': 2.49}                                                                           
{'loss': 1.2773, 'grad_norm': 2.1847245693206787, 'learning_rate': 2.777777777777778e-05, 'epoch': 2.53}                                                                          
{'loss': 1.1124, 'grad_norm': 2.0908124446868896, 'learning_rate': 2.5e-05, 'epoch': 2.57}                                                                                        
{'loss': 1.1531, 'grad_norm': 2.1492228507995605, 'learning_rate': 2.2222222222222223e-05, 'epoch': 2.61}                                                                         
{'loss': 1.136, 'grad_norm': 2.2239906787872314, 'learning_rate': 1.9444444444444445e-05, 'epoch': 2.65}                                                                          
{'loss': 1.1574, 'grad_norm': 2.1924588680267334, 'learning_rate': 1.6666666666666667e-05, 'epoch': 2.69}                                                                         
{'loss': 1.2205, 'grad_norm': 2.4079225063323975, 'learning_rate': 1.388888888888889e-05, 'epoch': 2.73}                                                                          
{'loss': 1.1382, 'grad_norm': 2.0674610137939453, 'learning_rate': 1.1111111111111112e-05, 'epoch': 2.78}                                                                         
{'loss': 1.226, 'grad_norm': 2.1291086673736572, 'learning_rate': 8.333333333333334e-06, 'epoch': 2.82}                                                                           
{'loss': 1.1178, 'grad_norm': 2.233690023422241, 'learning_rate': 5.555555555555556e-06, 'epoch': 2.86}                                                                           
 97%|█████████████████████████████████████████████████████████████████████████████████████████████████████████████████████████████████████████    | 70/72 [41:10<01:07, 34.00s/it]/Users/adeelarshad/CorDA/.venv/lib/python3.12/site-packages/peft/utils/save_and_load.py:195: UserWarning: Could not find a config file in /Users/adeelarshad/Notebooks/models/TinyLlama-1.1B-Chat-v1.0 - will assume that the vocabulary was not modified.
  warnings.warn(
{'loss': 1.1879, 'grad_norm': 2.265456199645996, 'learning_rate': 2.777777777777778e-06, 'epoch': 2.9}                                                                            
{'loss': 1.2385, 'grad_norm': 2.2932567596435547, 'learning_rate': 0.0, 'epoch': 2.94}                                                                                            
{'train_runtime': 2535.6452, 'train_samples_per_second': 0.116, 'train_steps_per_second': 0.028, 'train_loss': 1.3084014736943774, 'epoch': 2.94}                                 
100%|█████████████████████████████████████████████████████████████████████████████████████████████████████████████████████████████████████████████| 72/72 [42:15<00:00, 35.22s/it]
/Users/adeelarshad/CorDA/.venv/lib/python3.12/site-packages/peft/utils/save_and_load.py:195: UserWarning: Could not find a config file in /Users/adeelarshad/Notebooks/models/TinyLlama-1.1B-Chat-v1.0 - will assume that the vocabulary was not modified.
  warnings.warn(
